2026-09-23T15:01:36.708+03:00  INFO 11072 --- [moex-collector] [main] com.trading.CollectorApplication         : Starting CollectorApplication using Java 17.0.2 with PID 11072 (C:\Users\Acer\Desktop\Trading-Analysis\services\java-collector\target\classes started by Acer in C:\Users\Acer\Desktop\Trading-Analysis\services\java-collector)
2026-09-23T15:01:36.715+03:00  INFO 11072 --- [moex-collector] [main] com.trading.CollectorApplication         : No active profile set, falling back to 1 default profile: "default"
2026-09-23T15:01:37.116+03:00  INFO 11072 --- [moex-collector] [main] .s.d.r.c.RepositoryConfigurationDelegate : Bootstrapping Spring Data JPA repositories in DEFAULT mode.
2026-09-23T15:01:37.240+03:00  INFO 11072 --- [moex-collector] [main] .s.d.r.c.RepositoryConfigurationDelegate : Finished Spring Data repository scanning in 117 ms. Found 2 JPA repository interfaces.
2026-09-23T15:01:37.879+03:00  INFO 11072 --- [moex-collector] [main] o.s.b.w.embedded.tomcat.TomcatWebServer  : Tomcat initialized with port 8080 (http)
2026-09-23T15:01:37.889+03:00  INFO 11072 --- [moex-collector] [main] o.apache.catalina.core.StandardService   : Starting service [Tomcat]
2026-09-23T15:01:37.889+03:00  INFO 11072 --- [moex-collector] [main] o.apache.catalina.core.StandardEngine    : Starting Servlet engine: [Apache Tomcat/10.1.16]
2026-09-23T15:01:38.005+03:00  INFO 11072 --- [moex-collector] [main] o.a.c.c.C.[Tomcat].[localhost].[/]       : Initializing Spring embedded WebApplicationContext
2026-09-23T15:01:38.006+03:00  INFO 11072 --- [moex-collector] [main] w.s.c.ServletWebServerApplicationContext : Root WebApplicationContext: initialization completed in 1238 ms
2026-09-23T15:01:38.090+03:00  INFO 11072 --- [moex-collector] [main] com.zaxxer.hikari.HikariDataSource       : HikariPool-1 - Starting...
2026-09-23T15:01:38.376+03:00  INFO 11072 --- [moex-collector] [main] com.zaxxer.hikari.pool.HikariPool        : HikariPool-1 - Added connection org.postgresql.jdbc.PgConnection@69f2cb04
2026-09-23T15:01:38.378+03:00  INFO 11072 --- [moex-collector] [main] com.zaxxer.hikari.HikariDataSource       : HikariPool-1 - Start completed.
2026-09-23T15:01:38.446+03:00  INFO 11072 --- [moex-collector] [main] o.f.c.internal.license.VersionPrinter    : Flyway Community Edition 9.22.3 by Redgate
2026-09-23T15:01:38.446+03:00  INFO 11072 --- [moex-collector] [main] o.f.c.internal.license.VersionPrinter    : See release notes here: https://rd.gt/416ObMi
2026-09-23T15:01:38.447+03:00  INFO 11072 --- [moex-collector] [main] o.f.c.internal.license.VersionPrinter    : 
2026-09-23T15:01:38.459+03:00  INFO 11072 --- [moex-collector] [main] org.flywaydb.core.FlywayExecutor         : Database: jdbc:postgresql://localhost:5432/trading_data (PostgreSQL 18.3)
2026-09-23T15:01:38.466+03:00  WARN 11072 --- [moex-collector] [main] o.f.c.internal.database.base.Database    : Flyway upgrade recommended: PostgreSQL 18.3 is newer than this version of Flyway and support has not been tested. The latest supported version of PostgreSQL is 15.
2026-09-23T15:01:38.516+03:00  INFO 11072 --- [moex-collector] [main] o.f.core.internal.command.DbValidate     : Successfully validated 4 migrations (execution time 00:00.036s)
2026-09-23T15:01:38.556+03:00  INFO 11072 --- [moex-collector] [main] o.f.core.internal.command.DbMigrate      : Current version of schema "public": 4
2026-09-23T15:01:38.559+03:00  INFO 11072 --- [moex-collector] [main] o.f.core.internal.command.DbMigrate      : Schema "public" is up to date. No migration necessary.
2026-09-23T15:01:38.652+03:00  INFO 11072 --- [moex-collector] [main] o.hibernate.jpa.internal.util.LogHelper  : HHH000204: Processing PersistenceUnitInfo [name: default]
2026-09-23T15:01:38.730+03:00  INFO 11072 --- [moex-collector] [main] org.hibernate.Version                    : HHH000412: Hibernate ORM core version 6.3.1.Final
2026-09-23T15:01:38.771+03:00  INFO 11072 --- [moex-collector] [main] o.h.c.internal.RegionFactoryInitiator    : HHH000026: Second-level cache disabled
2026-09-23T15:01:38.985+03:00  INFO 11072 --- [moex-collector] [main] o.s.o.j.p.SpringPersistenceUnitInfo      : No LoadTimeWeaver setup: ignoring JPA class transformer
2026-09-23T15:01:39.042+03:00  WARN 11072 --- [moex-collector] [main] org.hibernate.orm.deprecation            : HHH90000025: PostgreSQLDialect does not need to be specified explicitly using 'hibernate.dialect' (remove the property setting and it will be selected by default)
2026-09-23T15:01:39.681+03:00  INFO 11072 --- [moex-collector] [main] o.h.e.t.j.p.i.JtaPlatformInitiator       : HHH000489: No JTA platform available (set 'hibernate.transaction.jta.platform' to enable JTA platform integration)
2026-09-23T15:01:39.742+03:00  INFO 11072 --- [moex-collector] [main] j.LocalContainerEntityManagerFactoryBean : Initialized JPA EntityManagerFactory for persistence unit 'default'
2026-09-23T15:01:39.988+03:00  INFO 11072 --- [moex-collector] [main] o.s.d.j.r.query.QueryEnhancerFactory     : Hibernate is in classpath; If applicable, HQL parser will be used.
2026-09-23T15:01:40.259+03:00  WARN 11072 --- [moex-collector] [main] JpaBaseConfiguration$JpaWebConfiguration : spring.jpa.open-in-view is enabled by default. Therefore, database queries may be performed during view rendering. Explicitly configure spring.jpa.open-in-view to disable this warning
2026-09-23T15:01:40.560+03:00  INFO 11072 --- [moex-collector] [main] o.s.b.w.embedded.tomcat.TomcatWebServer  : Tomcat started on port 8080 (http) with context path ''
2026-09-23T15:01:40.570+03:00  INFO 11072 --- [moex-collector] [main] com.trading.CollectorApplication         : Started CollectorApplication in 4.196 seconds (process running for 4.497)
2026-09-23T15:01:40.571+03:00  INFO 11072 --- [moex-collector] [main] com.trading.config.DataInitializer       : === CHECKING DATABASE ===
2026-09-23T15:01:40.699+03:00  INFO 11072 --- [moex-collector] [main] com.trading.config.DataInitializer       : Database contains data for SBER. No need to load data.
2026-09-23T15:01:40.702+03:00  INFO 11072 --- [moex-collector] [main] com.trading.config.DataInitializer       : Database contains data for GAZP. No need to load data.
2026-09-23T15:01:40.704+03:00  INFO 11072 --- [moex-collector] [main] com.trading.config.DataInitializer       : Database contains data for LKOH. No need to load data.
2026-09-23T15:01:40.707+03:00  INFO 11072 --- [moex-collector] [main] com.trading.config.DataInitializer       : Database contains data for MTSS. No need to load data.
2026-09-23T15:01:40.707+03:00  INFO 11072 --- [moex-collector] [main] com.trading.config.DataInitializer       : === INITIAL DATA CHECK COMPLETED ===
2026-09-23T15:04:54.368+03:00  INFO 11072 --- [moex-collector] [SpringApplicationShutdownHook] j.LocalContainerEntityManagerFactoryBean : Closing JPA EntityManagerFactory for persistence unit 'default'
2026-09-23T15:04:54.379+03:00  INFO 11072 --- [moex-collector] [SpringApplicationShutdownHook] com.zaxxer.hikari.HikariDataSource       : HikariPool-1 - Shutdown initiated...
2026-09-23T15:04:54.387+03:00  INFO 11072 --- [moex-collector] [SpringApplicationShutdownHook] com.zaxxer.hikari.HikariDataSource       : HikariPool-1 - Shutdown completed.
