2026-08-18T14:33:37.907+03:00  INFO 17860 --- [moex-collector] [main] com.trading.CollectorApplication         : Starting CollectorApplication using Java 17.0.2 with PID 17860 (C:\Users\Acer\Desktop\Trading-Analysis\services\java-collector\target\classes started by Acer in C:\Users\Acer\Desktop\Trading-Analysis)
2026-08-18T14:33:37.911+03:00  INFO 17860 --- [moex-collector] [main] com.trading.CollectorApplication         : No active profile set, falling back to 1 default profile: "default"
2026-08-18T14:33:38.561+03:00  INFO 17860 --- [moex-collector] [main] .s.d.r.c.RepositoryConfigurationDelegate : Bootstrapping Spring Data JPA repositories in DEFAULT mode.
2026-08-18T14:33:38.700+03:00  INFO 17860 --- [moex-collector] [main] .s.d.r.c.RepositoryConfigurationDelegate : Finished Spring Data repository scanning in 125 ms. Found 1 JPA repository interface.
2026-08-18T14:33:39.759+03:00  INFO 17860 --- [moex-collector] [main] o.s.b.w.embedded.tomcat.TomcatWebServer  : Tomcat initialized with port 8080 (http)
2026-08-18T14:33:39.767+03:00  INFO 17860 --- [moex-collector] [main] o.apache.catalina.core.StandardService   : Starting service [Tomcat]
2026-08-18T14:33:39.767+03:00  INFO 17860 --- [moex-collector] [main] o.apache.catalina.core.StandardEngine    : Starting Servlet engine: [Apache Tomcat/10.1.16]
2026-08-18T14:33:39.838+03:00  INFO 17860 --- [moex-collector] [main] o.a.c.c.C.[Tomcat].[localhost].[/]       : Initializing Spring embedded WebApplicationContext
2026-08-18T14:33:39.839+03:00  INFO 17860 --- [moex-collector] [main] w.s.c.ServletWebServerApplicationContext : Root WebApplicationContext: initialization completed in 1856 ms
2026-08-18T14:33:39.961+03:00  INFO 17860 --- [moex-collector] [main] com.zaxxer.hikari.HikariDataSource       : HikariPool-1 - Starting...
2026-08-18T14:33:40.164+03:00  INFO 17860 --- [moex-collector] [main] com.zaxxer.hikari.pool.HikariPool        : HikariPool-1 - Added connection org.postgresql.jdbc.PgConnection@3a1f2a1
2026-08-18T14:33:40.167+03:00  INFO 17860 --- [moex-collector] [main] com.zaxxer.hikari.HikariDataSource       : HikariPool-1 - Start completed.
2026-08-18T14:33:40.246+03:00  INFO 17860 --- [moex-collector] [main] o.f.c.internal.license.VersionPrinter    : Flyway Community Edition 9.22.3 by Redgate
2026-08-18T14:33:40.246+03:00  INFO 17860 --- [moex-collector] [main] o.f.c.internal.license.VersionPrinter    : See release notes here: https://rd.gt/416ObMi
2026-08-18T14:33:40.246+03:00  INFO 17860 --- [moex-collector] [main] o.f.c.internal.license.VersionPrinter    : 
2026-08-18T14:33:40.271+03:00  INFO 17860 --- [moex-collector] [main] org.flywaydb.core.FlywayExecutor         : Database: jdbc:postgresql://localhost:5432/trading_data (PostgreSQL 18.3)
2026-08-18T14:33:40.282+03:00  WARN 17860 --- [moex-collector] [main] o.f.c.internal.database.base.Database    : Flyway upgrade recommended: PostgreSQL 18.3 is newer than this version of Flyway and support has not been tested. The latest supported version of PostgreSQL is 15.
2026-08-18T14:33:40.345+03:00  INFO 17860 --- [moex-collector] [main] o.f.core.internal.command.DbValidate     : Successfully validated 3 migrations (execution time 00:00.046s)
2026-08-18T14:33:40.358+03:00  INFO 17860 --- [moex-collector] [main] o.f.core.internal.command.DbMigrate      : Current version of schema "public": 3
2026-08-18T14:33:40.362+03:00  INFO 17860 --- [moex-collector] [main] o.f.core.internal.command.DbMigrate      : Schema "public" is up to date. No migration necessary.
2026-08-18T14:33:40.470+03:00  INFO 17860 --- [moex-collector] [main] o.hibernate.jpa.internal.util.LogHelper  : HHH000204: Processing PersistenceUnitInfo [name: default]
2026-08-18T14:33:40.553+03:00  INFO 17860 --- [moex-collector] [main] org.hibernate.Version                    : HHH000412: Hibernate ORM core version 6.3.1.Final
2026-08-18T14:33:40.602+03:00  INFO 17860 --- [moex-collector] [main] o.h.c.internal.RegionFactoryInitiator    : HHH000026: Second-level cache disabled
2026-08-18T14:33:40.860+03:00  INFO 17860 --- [moex-collector] [main] o.s.o.j.p.SpringPersistenceUnitInfo      : No LoadTimeWeaver setup: ignoring JPA class transformer
2026-08-18T14:33:40.940+03:00  WARN 17860 --- [moex-collector] [main] org.hibernate.orm.deprecation            : HHH90000025: PostgreSQLDialect does not need to be specified explicitly using 'hibernate.dialect' (remove the property setting and it will be selected by default)
2026-08-18T14:33:41.660+03:00  INFO 17860 --- [moex-collector] [main] o.h.e.t.j.p.i.JtaPlatformInitiator       : HHH000489: No JTA platform available (set 'hibernate.transaction.jta.platform' to enable JTA platform integration)
2026-08-18T14:33:41.695+03:00  INFO 17860 --- [moex-collector] [main] j.LocalContainerEntityManagerFactoryBean : Initialized JPA EntityManagerFactory for persistence unit 'default'
2026-08-18T14:33:42.269+03:00  WARN 17860 --- [moex-collector] [main] JpaBaseConfiguration$JpaWebConfiguration : spring.jpa.open-in-view is enabled by default. Therefore, database queries may be performed during view rendering. Explicitly configure spring.jpa.open-in-view to disable this warning
2026-08-18T14:33:42.617+03:00  INFO 17860 --- [moex-collector] [main] o.s.b.w.embedded.tomcat.TomcatWebServer  : Tomcat started on port 8080 (http) with context path ''
2026-08-18T14:33:42.633+03:00  INFO 17860 --- [moex-collector] [main] com.trading.CollectorApplication         : Started CollectorApplication in 5.154 seconds (process running for 5.658)
2026-08-18T14:33:42.638+03:00  INFO 17860 --- [moex-collector] [scheduling-1] c.t.scheduler.DataCollectionScheduler    : ? Начало сбора данных...
2026-08-18T14:33:42.639+03:00  INFO 17860 --- [moex-collector] [scheduling-1] c.t.scheduler.DataCollectionScheduler    : ? Загрузка данных для SBER
2026-08-18T14:34:19.015+03:00  INFO 8044 --- [moex-collector] [main] com.trading.CollectorApplication         : Starting CollectorApplication using Java 17.0.2 with PID 8044 (C:\Users\Acer\Desktop\Trading-Analysis\services\java-collector\target\classes started by Acer in C:\Users\Acer\Desktop\Trading-Analysis)
2026-08-18T14:34:19.015+03:00  INFO 8044 --- [moex-collector] [main] com.trading.CollectorApplication         : No active profile set, falling back to 1 default profile: "default"
2026-08-18T14:34:19.829+03:00  INFO 8044 --- [moex-collector] [main] .s.d.r.c.RepositoryConfigurationDelegate : Bootstrapping Spring Data JPA repositories in DEFAULT mode.
2026-08-18T14:34:19.993+03:00  INFO 8044 --- [moex-collector] [main] .s.d.r.c.RepositoryConfigurationDelegate : Finished Spring Data repository scanning in 154 ms. Found 1 JPA repository interface.
2026-08-18T14:34:20.926+03:00  INFO 8044 --- [moex-collector] [main] o.s.b.w.embedded.tomcat.TomcatWebServer  : Tomcat initialized with port 8080 (http)
2026-08-18T14:34:20.940+03:00  INFO 8044 --- [moex-collector] [main] o.apache.catalina.core.StandardService   : Starting service [Tomcat]
2026-08-18T14:34:20.940+03:00  INFO 8044 --- [moex-collector] [main] o.apache.catalina.core.StandardEngine    : Starting Servlet engine: [Apache Tomcat/10.1.16]
2026-08-18T14:34:21.099+03:00  INFO 8044 --- [moex-collector] [main] o.a.c.c.C.[Tomcat].[localhost].[/]       : Initializing Spring embedded WebApplicationContext
2026-08-18T14:34:21.100+03:00  INFO 8044 --- [moex-collector] [main] w.s.c.ServletWebServerApplicationContext : Root WebApplicationContext: initialization completed in 2002 ms
2026-08-18T14:34:21.374+03:00  INFO 8044 --- [moex-collector] [main] com.zaxxer.hikari.HikariDataSource       : HikariPool-1 - Starting...
2026-08-18T14:34:21.746+03:00  INFO 8044 --- [moex-collector] [main] com.zaxxer.hikari.pool.HikariPool        : HikariPool-1 - Added connection org.postgresql.jdbc.PgConnection@5d05f453
2026-08-18T14:34:21.753+03:00  INFO 8044 --- [moex-collector] [main] com.zaxxer.hikari.HikariDataSource       : HikariPool-1 - Start completed.
2026-08-18T14:34:21.929+03:00  INFO 8044 --- [moex-collector] [main] o.f.c.internal.license.VersionPrinter    : Flyway Community Edition 9.22.3 by Redgate
2026-08-18T14:34:21.936+03:00  INFO 8044 --- [moex-collector] [main] o.f.c.internal.license.VersionPrinter    : See release notes here: https://rd.gt/416ObMi
2026-08-18T14:34:21.936+03:00  INFO 8044 --- [moex-collector] [main] o.f.c.internal.license.VersionPrinter    : 
2026-08-18T14:34:21.979+03:00  INFO 8044 --- [moex-collector] [main] org.flywaydb.core.FlywayExecutor         : Database: jdbc:postgresql://localhost:5432/trading_data (PostgreSQL 18.3)
2026-08-18T14:34:21.988+03:00  WARN 8044 --- [moex-collector] [main] o.f.c.internal.database.base.Database    : Flyway upgrade recommended: PostgreSQL 18.3 is newer than this version of Flyway and support has not been tested. The latest supported version of PostgreSQL is 15.
2026-08-18T14:34:22.050+03:00  INFO 8044 --- [moex-collector] [main] o.f.core.internal.command.DbValidate     : Successfully validated 3 migrations (execution time 00:00.045s)
2026-08-18T14:34:22.070+03:00  INFO 8044 --- [moex-collector] [main] o.f.core.internal.command.DbMigrate      : Current version of schema "public": 3
2026-08-18T14:34:22.076+03:00  INFO 8044 --- [moex-collector] [main] o.f.core.internal.command.DbMigrate      : Schema "public" is up to date. No migration necessary.
2026-08-18T14:34:22.194+03:00  INFO 8044 --- [moex-collector] [main] o.hibernate.jpa.internal.util.LogHelper  : HHH000204: Processing PersistenceUnitInfo [name: default]
2026-08-18T14:34:22.278+03:00  INFO 8044 --- [moex-collector] [main] org.hibernate.Version                    : HHH000412: Hibernate ORM core version 6.3.1.Final
2026-08-18T14:34:22.345+03:00  INFO 8044 --- [moex-collector] [main] o.h.c.internal.RegionFactoryInitiator    : HHH000026: Second-level cache disabled
2026-08-18T14:34:22.712+03:00  INFO 8044 --- [moex-collector] [main] o.s.o.j.p.SpringPersistenceUnitInfo      : No LoadTimeWeaver setup: ignoring JPA class transformer
2026-08-18T14:34:22.795+03:00  WARN 8044 --- [moex-collector] [main] org.hibernate.orm.deprecation            : HHH90000025: PostgreSQLDialect does not need to be specified explicitly using 'hibernate.dialect' (remove the property setting and it will be selected by default)
2026-08-18T14:34:24.310+03:00  INFO 8044 --- [moex-collector] [main] o.h.e.t.j.p.i.JtaPlatformInitiator       : HHH000489: No JTA platform available (set 'hibernate.transaction.jta.platform' to enable JTA platform integration)
2026-08-18T14:34:24.362+03:00  INFO 8044 --- [moex-collector] [main] j.LocalContainerEntityManagerFactoryBean : Initialized JPA EntityManagerFactory for persistence unit 'default'
2026-08-18T14:34:25.223+03:00  WARN 8044 --- [moex-collector] [main] JpaBaseConfiguration$JpaWebConfiguration : spring.jpa.open-in-view is enabled by default. Therefore, database queries may be performed during view rendering. Explicitly configure spring.jpa.open-in-view to disable this warning
2026-08-18T14:34:25.828+03:00  WARN 8044 --- [moex-collector] [main] ConfigServletWebServerApplicationContext : Exception encountered during context initialization - cancelling refresh attempt: org.springframework.context.ApplicationContextException: Failed to start bean 'webServerStartStop'
2026-08-18T14:34:25.828+03:00  INFO 8044 --- [moex-collector] [main] j.LocalContainerEntityManagerFactoryBean : Closing JPA EntityManagerFactory for persistence unit 'default'
2026-08-18T14:34:25.828+03:00  INFO 8044 --- [moex-collector] [main] com.zaxxer.hikari.HikariDataSource       : HikariPool-1 - Shutdown initiated...
2026-08-18T14:34:25.848+03:00  INFO 8044 --- [moex-collector] [main] com.zaxxer.hikari.HikariDataSource       : HikariPool-1 - Shutdown completed.
2026-08-18T14:34:25.876+03:00  INFO 8044 --- [moex-collector] [main] .s.b.a.l.ConditionEvaluationReportLogger : 

Error starting ApplicationContext. To display the condition evaluation report re-run your application with 'debug' enabled.
2026-08-18T14:34:25.906+03:00 ERROR 8044 --- [moex-collector] [main] o.s.b.d.LoggingFailureAnalysisReporter   : 

***************************
APPLICATION FAILED TO START
***************************

Description:

Web server failed to start. Port 8080 was already in use.

Action:

Identify and stop the process that's listening on port 8080 or configure this application to listen on another port.

2026-08-18T15:30:04.767+03:00  WARN 17860 --- [moex-collector] [HikariPool-1 housekeeper] com.zaxxer.hikari.pool.HikariPool        : HikariPool-1 - Thread starvation or clock leap detected (housekeeper delta=14m53s735ms714µs600ns).
